2025-04-16 01:37:35.288566 - Received SBGOLOB.CBT509.FILE937 from FILE937.XMI 
2025-04-16 01:37:35.290737 - Found $$$#DATE.txt (text/plain) in SBGOLOB.CBT509.FILE937, moved to PDS/$$$#DATE
2025-04-16 01:37:35.290796 - Found $$$COSGS.txt (text/plain) in SBGOLOB.CBT509.FILE937, moved to PDS/$$$COSGS
2025-04-16 01:37:35.290846 - Found $$ALLOCL.jcl (text/plain) in SBGOLOB.CBT509.FILE937, moved to PDS/$$ALLOCL
2025-04-16 01:37:35.290891 - Found $$BDMALL.jcl (text/plain) in SBGOLOB.CBT509.FILE937, moved to PDS/$$BDMALL
2025-04-16 01:37:35.290932 - Found $$BDMONE.jcl (text/plain) in SBGOLOB.CBT509.FILE937, moved to PDS/$$BDMONE
2025-04-16 01:37:35.290970 - Found ###BAT.txt (text/plain) in SBGOLOB.CBT509.FILE937, moved to PDS/###BAT
2025-04-16 01:37:35.291008 - Found ###TSO.txt (text/plain) in SBGOLOB.CBT509.FILE937, moved to PDS/###TSO
2025-04-16 01:37:35.291086 - Found BDMCALC.txt (text/plain) in SBGOLOB.CBT509.FILE937, moved to PDS/BDMCALC
2025-04-16 01:37:35.291148 - Found BDMCLEAN.txt (text/plain) in SBGOLOB.CBT509.FILE937, moved to PDS/BDMCLEAN
2025-04-16 01:37:35.291196 - Found BDMCVMSG.txt (text/plain) in SBGOLOB.CBT509.FILE937, moved to PDS/BDMCVMSG
2025-04-16 01:37:35.291278 - Found BDMDEL.txt (text/plain) in SBGOLOB.CBT509.FILE937, moved to PDS/BDMDEL
2025-04-16 01:37:35.291347 - Found BDMDIAG.txt (text/plain) in SBGOLOB.CBT509.FILE937, moved to PDS/BDMDIAG
2025-04-16 01:37:35.291402 - Found BDMDSFIX.txt (text/plain) in SBGOLOB.CBT509.FILE937, moved to PDS/BDMDSFIX
2025-04-16 01:37:35.291501 - Found BDMDUMP.txt (text/plain) in SBGOLOB.CBT509.FILE937, moved to PDS/BDMDUMP
2025-04-16 01:37:35.291575 - Found BDMEXPND.txt (text/plain) in SBGOLOB.CBT509.FILE937, moved to PDS/BDMEXPND
2025-04-16 01:37:35.291631 - Found BDMGTMSG.txt (text/plain) in SBGOLOB.CBT509.FILE937, moved to PDS/BDMGTMSG
2025-04-16 01:37:35.291690 - Found BDMGTUID.txt (text/plain) in SBGOLOB.CBT509.FILE937, moved to PDS/BDMGTUID
2025-04-16 01:37:35.291783 - Found BDMINIT.txt (text/plain) in SBGOLOB.CBT509.FILE937, moved to PDS/BDMINIT
2025-04-16 01:37:35.291928 - Found BDMLIST.txt (text/plain) in SBGOLOB.CBT509.FILE937, moved to PDS/BDMLIST
2025-04-16 01:37:35.292049 - Found BDMLRBA.txt (text/plain) in SBGOLOB.CBT509.FILE937, moved to PDS/BDMLRBA
2025-04-16 01:37:35.292132 - Found BDMMLOAD.txt (text/plain) in SBGOLOB.CBT509.FILE937, moved to PDS/BDMMLOAD
2025-04-16 01:37:35.292190 - Found BDMNLIST.txt (text/plain) in SBGOLOB.CBT509.FILE937, moved to PDS/BDMNLIST
2025-04-16 01:37:35.292263 - Found BDMNOTFY.txt (text/plain) in SBGOLOB.CBT509.FILE937, moved to PDS/BDMNOTFY
2025-04-16 01:37:35.292318 - Found BDMNUPD.txt (text/plain) in SBGOLOB.CBT509.FILE937, moved to PDS/BDMNUPD
2025-04-16 01:37:35.292376 - Found BDMNXPRT.txt (text/plain) in SBGOLOB.CBT509.FILE937, moved to PDS/BDMNXPRT
2025-04-16 01:37:35.292427 - Found BDMPUTL.txt (text/plain) in SBGOLOB.CBT509.FILE937, moved to PDS/BDMPUTL
2025-04-16 01:37:35.292486 - Found BDMREST.txt (text/plain) in SBGOLOB.CBT509.FILE937, moved to PDS/BDMREST
2025-04-16 01:37:35.292595 - Found BDMSCAN.txt (text/plain) in SBGOLOB.CBT509.FILE937, moved to PDS/BDMSCAN
2025-04-16 01:37:35.292664 - Found BDMSEND.txt (text/plain) in SBGOLOB.CBT509.FILE937, moved to PDS/BDMSEND
2025-04-16 01:37:35.292737 - Found BDMULOAD.txt (text/plain) in SBGOLOB.CBT509.FILE937, moved to PDS/BDMULOAD
2025-04-16 01:37:35.292806 - Found BDMUSADD.txt (text/plain) in SBGOLOB.CBT509.FILE937, moved to PDS/BDMUSADD
2025-04-16 01:37:35.292916 - Found BDMUSDEL.txt (text/plain) in SBGOLOB.CBT509.FILE937, moved to PDS/BDMUSDEL
2025-04-16 01:37:35.292985 - Found BDMUSERS.txt (text/plain) in SBGOLOB.CBT509.FILE937, moved to PDS/BDMUSERS
2025-04-16 01:37:35.293041 - Found BDMUSORT.txt (text/plain) in SBGOLOB.CBT509.FILE937, moved to PDS/BDMUSORT
2025-04-16 01:37:35.293117 - Found BDMUTIL.rexx (text/plain) in SBGOLOB.CBT509.FILE937, moved to PDS/BDMUTIL
2025-04-16 01:37:35.293195 - Found BDMUTILD.rexx (text/plain) in SBGOLOB.CBT509.FILE937, moved to PDS/BDMUTILD
2025-04-16 01:37:35.293274 - Found BDMXPORT.txt (text/plain) in SBGOLOB.CBT509.FILE937, moved to PDS/BDMXPORT
2025-04-16 01:37:35.293313 - Found BPUT.txt (text/plain) in SBGOLOB.CBT509.FILE937, moved to PDS/BPUT
2025-04-16 01:37:35.293549 - Found HELP.xmi (application/xmit) in SBGOLOB.CBT509.FILE937, moved to PDS/HELP.xmi
2025-04-16 01:37:35.593850 - Received SBGOLOB.BDM150A.HELP from HELP.xmi 
2025-04-16 01:37:35.595431 - Found $$INTRO1.txt (text/plain) in SBGOLOB.BDM150A.HELP, moved to HELP/$$INTRO1
2025-04-16 01:37:35.595501 - Found $$INTRO2.txt (text/plain) in SBGOLOB.BDM150A.HELP, moved to HELP/$$INTRO2
2025-04-16 01:37:35.595552 - Found ###BAT.txt (text/plain) in SBGOLOB.BDM150A.HELP, moved to HELP/###BAT
2025-04-16 01:37:35.595594 - Found ###TSO.txt (text/plain) in SBGOLOB.BDM150A.HELP, moved to HELP/###TSO
2025-04-16 01:37:35.595634 - Found @BDMUTIL.txt (text/plain) in SBGOLOB.BDM150A.HELP, moved to HELP/@BDMUTIL
2025-04-16 01:37:35.595674 - Found BDMCALC.txt (text/plain) in SBGOLOB.BDM150A.HELP, moved to HELP/BDMCALC
2025-04-16 01:37:35.595716 - Found BDMCLEAN.txt (text/plain) in SBGOLOB.BDM150A.HELP, moved to HELP/BDMCLEAN
2025-04-16 01:37:35.595757 - Found BDMCVMSG.txt (text/plain) in SBGOLOB.BDM150A.HELP, moved to HELP/BDMCVMSG
2025-04-16 01:37:35.595800 - Found BDMDEL.txt (text/plain) in SBGOLOB.BDM150A.HELP, moved to HELP/BDMDEL
2025-04-16 01:37:35.595840 - Found BDMDIAG.txt (text/plain) in SBGOLOB.BDM150A.HELP, moved to HELP/BDMDIAG
2025-04-16 01:37:35.595877 - Found BDMDSFIX.txt (text/plain) in SBGOLOB.BDM150A.HELP, moved to HELP/BDMDSFIX
2025-04-16 01:37:35.595915 - Found BDMDUMP.txt (text/plain) in SBGOLOB.BDM150A.HELP, moved to HELP/BDMDUMP
2025-04-16 01:37:35.595957 - Found BDMEXPND.txt (text/plain) in SBGOLOB.BDM150A.HELP, moved to HELP/BDMEXPND
2025-04-16 01:37:35.596000 - Found BDMGTMSG.txt (text/plain) in SBGOLOB.BDM150A.HELP, moved to HELP/BDMGTMSG
2025-04-16 01:37:35.596042 - Found BDMGTUID.txt (text/plain) in SBGOLOB.BDM150A.HELP, moved to HELP/BDMGTUID
2025-04-16 01:37:35.596086 - Found BDMINIT.txt (text/plain) in SBGOLOB.BDM150A.HELP, moved to HELP/BDMINIT
2025-04-16 01:37:35.596127 - Found BDMLIST.txt (text/plain) in SBGOLOB.BDM150A.HELP, moved to HELP/BDMLIST
2025-04-16 01:37:35.596165 - Found BDMLRBA.txt (text/plain) in SBGOLOB.BDM150A.HELP, moved to HELP/BDMLRBA
2025-04-16 01:37:35.596206 - Found BDMMLOAD.txt (text/plain) in SBGOLOB.BDM150A.HELP, moved to HELP/BDMMLOAD
2025-04-16 01:37:35.596243 - Found BDMNLIST.txt (text/plain) in SBGOLOB.BDM150A.HELP, moved to HELP/BDMNLIST
2025-04-16 01:37:35.596281 - Found BDMNOTFY.txt (text/plain) in SBGOLOB.BDM150A.HELP, moved to HELP/BDMNOTFY
2025-04-16 01:37:35.596318 - Found BDMNUPD.txt (text/plain) in SBGOLOB.BDM150A.HELP, moved to HELP/BDMNUPD
2025-04-16 01:37:35.596357 - Found BDMNXPRT.txt (text/plain) in SBGOLOB.BDM150A.HELP, moved to HELP/BDMNXPRT
2025-04-16 01:37:35.596447 - Found BDMREST.txt (text/plain) in SBGOLOB.BDM150A.HELP, moved to HELP/BDMREST
2025-04-16 01:37:35.596495 - Found BDMSCAN.txt (text/plain) in SBGOLOB.BDM150A.HELP, moved to HELP/BDMSCAN
2025-04-16 01:37:35.596541 - Found BDMSEND.txt (text/plain) in SBGOLOB.BDM150A.HELP, moved to HELP/BDMSEND
2025-04-16 01:37:35.596589 - Found BDMULOAD.txt (text/plain) in SBGOLOB.BDM150A.HELP, moved to HELP/BDMULOAD
2025-04-16 01:37:35.596628 - Found BDMUSADD.txt (text/plain) in SBGOLOB.BDM150A.HELP, moved to HELP/BDMUSADD
2025-04-16 01:37:35.596667 - Found BDMUSDEL.txt (text/plain) in SBGOLOB.BDM150A.HELP, moved to HELP/BDMUSDEL
2025-04-16 01:37:35.596708 - Found BDMUSERS.txt (text/plain) in SBGOLOB.BDM150A.HELP, moved to HELP/BDMUSERS
2025-04-16 01:37:35.596747 - Found BDMUSORT.txt (text/plain) in SBGOLOB.BDM150A.HELP, moved to HELP/BDMUSORT
2025-04-16 01:37:35.596785 - Found BDMXPORT.txt (text/plain) in SBGOLOB.BDM150A.HELP, moved to HELP/BDMXPORT
2025-04-16 01:37:35.597447 - Found INCLUDE.txt (text/plain) in SBGOLOB.CBT509.FILE937, moved to PDS/INCLUDE
2025-04-16 01:37:35.597509 - Found INCLUDEA.txt (text/plain) in SBGOLOB.CBT509.FILE937, moved to PDS/INCLUDEA
2025-04-16 01:37:35.597600 - Found JCLLIB.xmi (application/xmit) in SBGOLOB.CBT509.FILE937, moved to PDS/JCLLIB.xmi
2025-04-16 01:37:35.764427 - Received SBGOLOB.BDM150A.JCL from JCLLIB.xmi 
2025-04-16 01:37:35.766181 - Found ##$INTRO.txt (text/plain) in SBGOLOB.BDM150A.JCL, moved to JCLLIB/##$INTRO
2025-04-16 01:37:35.766250 - Found ###BAT.txt (text/plain) in SBGOLOB.BDM150A.JCL, moved to JCLLIB/###BAT
2025-04-16 01:37:35.766297 - Found ###TSO.txt (text/plain) in SBGOLOB.BDM150A.JCL, moved to JCLLIB/###TSO
2025-04-16 01:37:35.766335 - Found BDMCAL$1.jcl (text/plain) in SBGOLOB.BDM150A.JCL, moved to JCLLIB/BDMCAL$1
2025-04-16 01:37:35.766383 - Found BDMCLE$1.jcl (text/plain) in SBGOLOB.BDM150A.JCL, moved to JCLLIB/BDMCLE$1
2025-04-16 01:37:35.766422 - Found BDMCVM$1.jcl (text/plain) in SBGOLOB.BDM150A.JCL, moved to JCLLIB/BDMCVM$1
2025-04-16 01:37:35.766458 - Found BDMDEL$1.jcl (text/plain) in SBGOLOB.BDM150A.JCL, moved to JCLLIB/BDMDEL$1
2025-04-16 01:37:35.766492 - Found BDMDIA$1.jcl (text/plain) in SBGOLOB.BDM150A.JCL, moved to JCLLIB/BDMDIA$1
2025-04-16 01:37:35.766529 - Found BDMDSF$1.jcl (text/plain) in SBGOLOB.BDM150A.JCL, moved to JCLLIB/BDMDSF$1
2025-04-16 01:37:35.766567 - Found BDMDUM$1.jcl (text/plain) in SBGOLOB.BDM150A.JCL, moved to JCLLIB/BDMDUM$1
2025-04-16 01:37:35.766605 - Found BDMEXP$1.jcl (text/plain) in SBGOLOB.BDM150A.JCL, moved to JCLLIB/BDMEXP$1
2025-04-16 01:37:35.766641 - Found BDMGTM$1.jcl (text/plain) in SBGOLOB.BDM150A.JCL, moved to JCLLIB/BDMGTM$1
2025-04-16 01:37:35.766678 - Found BDMGTU$1.jcl (text/plain) in SBGOLOB.BDM150A.JCL, moved to JCLLIB/BDMGTU$1
2025-04-16 01:37:35.766714 - Found BDMGTU$2.jcl (text/plain) in SBGOLOB.BDM150A.JCL, moved to JCLLIB/BDMGTU$2
2025-04-16 01:37:35.766753 - Found BDMGTU$3.jcl (text/plain) in SBGOLOB.BDM150A.JCL, moved to JCLLIB/BDMGTU$3
2025-04-16 01:37:35.766791 - Found BDMINI$1.jcl (text/plain) in SBGOLOB.BDM150A.JCL, moved to JCLLIB/BDMINI$1
2025-04-16 01:37:35.766828 - Found BDMLIS$1.jcl (text/plain) in SBGOLOB.BDM150A.JCL, moved to JCLLIB/BDMLIS$1
2025-04-16 01:37:35.766865 - Found BDMLRB$1.jcl (text/plain) in SBGOLOB.BDM150A.JCL, moved to JCLLIB/BDMLRB$1
2025-04-16 01:37:35.766902 - Found BDMMLO$1.jcl (text/plain) in SBGOLOB.BDM150A.JCL, moved to JCLLIB/BDMMLO$1
2025-04-16 01:37:35.766937 - Found BDMNLI$1.jcl (text/plain) in SBGOLOB.BDM150A.JCL, moved to JCLLIB/BDMNLI$1
2025-04-16 01:37:35.766973 - Found BDMNOT$1.jcl (text/plain) in SBGOLOB.BDM150A.JCL, moved to JCLLIB/BDMNOT$1
2025-04-16 01:37:35.767009 - Found BDMNUP$1.jcl (text/plain) in SBGOLOB.BDM150A.JCL, moved to JCLLIB/BDMNUP$1
2025-04-16 01:37:35.767059 - Found BDMNXP$1.jcl (text/plain) in SBGOLOB.BDM150A.JCL, moved to JCLLIB/BDMNXP$1
2025-04-16 01:37:35.767113 - Found BDMRES$1.jcl (text/plain) in SBGOLOB.BDM150A.JCL, moved to JCLLIB/BDMRES$1
2025-04-16 01:37:35.767169 - Found BDMSCA$1.jcl (text/plain) in SBGOLOB.BDM150A.JCL, moved to JCLLIB/BDMSCA$1
2025-04-16 01:37:35.767233 - Found BDMSEN$1.jcl (text/plain) in SBGOLOB.BDM150A.JCL, moved to JCLLIB/BDMSEN$1
2025-04-16 01:37:35.767290 - Found BDMSEN$2.jcl (text/plain) in SBGOLOB.BDM150A.JCL, moved to JCLLIB/BDMSEN$2
2025-04-16 01:37:35.767333 - Found BDMULO$1.jcl (text/plain) in SBGOLOB.BDM150A.JCL, moved to JCLLIB/BDMULO$1
2025-04-16 01:37:35.767368 - Found BDMUSA$1.jcl (text/plain) in SBGOLOB.BDM150A.JCL, moved to JCLLIB/BDMUSA$1
2025-04-16 01:37:35.767407 - Found BDMUSA$2.jcl (text/plain) in SBGOLOB.BDM150A.JCL, moved to JCLLIB/BDMUSA$2
2025-04-16 01:37:35.767444 - Found BDMUSD$1.jcl (text/plain) in SBGOLOB.BDM150A.JCL, moved to JCLLIB/BDMUSD$1
2025-04-16 01:37:35.767479 - Found BDMUSD$2.jcl (text/plain) in SBGOLOB.BDM150A.JCL, moved to JCLLIB/BDMUSD$2
2025-04-16 01:37:35.767515 - Found BDMUSE$1.jcl (text/plain) in SBGOLOB.BDM150A.JCL, moved to JCLLIB/BDMUSE$1
2025-04-16 01:37:35.767550 - Found BDMUSO$1.jcl (text/plain) in SBGOLOB.BDM150A.JCL, moved to JCLLIB/BDMUSO$1
2025-04-16 01:37:35.767587 - Found BDMXPO$1.jcl (text/plain) in SBGOLOB.BDM150A.JCL, moved to JCLLIB/BDMXPO$1
2025-04-16 01:37:35.767623 - Found BRODUMMY.txt (text/plain) in SBGOLOB.BDM150A.JCL, moved to JCLLIB/BRODUMMY
2025-04-16 01:37:35.768185 - Found JOBCARD.jcl (text/plain) in SBGOLOB.CBT509.FILE937, moved to PDS/JOBCARD
2025-04-16 01:37:35.768356 - Found LOADLIB.xmi (application/xmit) in SBGOLOB.CBT509.FILE937, moved to PDS/LOADLIB.xmi
2025-04-16 01:37:35.823312 - Received SBGOLOB.BDM150A.LOADLIB from LOADLIB.xmi 
2025-04-16 01:37:35.824224 - Found BDMCALC.bin (application/octet-stream) in SBGOLOB.BDM150A.LOADLIB, moved to LOADLIB/BDMCALC
2025-04-16 01:37:35.824275 - Found BDMCLEAN.bin (application/octet-stream) in SBGOLOB.BDM150A.LOADLIB, moved to LOADLIB/BDMCLEAN
2025-04-16 01:37:35.824316 - Found BDMCVMSG.bin (application/octet-stream) in SBGOLOB.BDM150A.LOADLIB, moved to LOADLIB/BDMCVMSG
2025-04-16 01:37:35.824355 - Found BDMDEL.bin (application/octet-stream) in SBGOLOB.BDM150A.LOADLIB, moved to LOADLIB/BDMDEL
2025-04-16 01:37:35.824393 - Found BDMDIAG.bin (application/octet-stream) in SBGOLOB.BDM150A.LOADLIB, moved to LOADLIB/BDMDIAG
2025-04-16 01:37:35.824428 - Found BDMDSFIX.bin (application/octet-stream) in SBGOLOB.BDM150A.LOADLIB, moved to LOADLIB/BDMDSFIX
2025-04-16 01:37:35.824473 - Found BDMDUMP.bin (application/octet-stream) in SBGOLOB.BDM150A.LOADLIB, moved to LOADLIB/BDMDUMP
2025-04-16 01:37:35.824512 - Found BDMEXPND.bin (application/octet-stream) in SBGOLOB.BDM150A.LOADLIB, moved to LOADLIB/BDMEXPND
2025-04-16 01:37:35.824550 - Found BDMGTMSG.bin (application/octet-stream) in SBGOLOB.BDM150A.LOADLIB, moved to LOADLIB/BDMGTMSG
2025-04-16 01:37:35.824587 - Found BDMGTUID.bin (application/octet-stream) in SBGOLOB.BDM150A.LOADLIB, moved to LOADLIB/BDMGTUID
2025-04-16 01:37:35.824629 - Found BDMINIT.bin (application/octet-stream) in SBGOLOB.BDM150A.LOADLIB, moved to LOADLIB/BDMINIT
2025-04-16 01:37:35.824666 - Found BDMLIST.bin (application/octet-stream) in SBGOLOB.BDM150A.LOADLIB, moved to LOADLIB/BDMLIST
2025-04-16 01:37:35.824704 - Found BDMLRBA.bin (application/octet-stream) in SBGOLOB.BDM150A.LOADLIB, moved to LOADLIB/BDMLRBA
2025-04-16 01:37:35.824745 - Found BDMMLOAD.bin (application/octet-stream) in SBGOLOB.BDM150A.LOADLIB, moved to LOADLIB/BDMMLOAD
2025-04-16 01:37:35.824781 - Found BDMNLIST.bin (application/octet-stream) in SBGOLOB.BDM150A.LOADLIB, moved to LOADLIB/BDMNLIST
2025-04-16 01:37:35.824817 - Found BDMNOTFY.bin (application/octet-stream) in SBGOLOB.BDM150A.LOADLIB, moved to LOADLIB/BDMNOTFY
2025-04-16 01:37:35.824853 - Found BDMNUPD.bin (application/octet-stream) in SBGOLOB.BDM150A.LOADLIB, moved to LOADLIB/BDMNUPD
2025-04-16 01:37:35.824891 - Found BDMNXPRT.bin (application/octet-stream) in SBGOLOB.BDM150A.LOADLIB, moved to LOADLIB/BDMNXPRT
2025-04-16 01:37:35.824928 - Found BDMREST.bin (application/octet-stream) in SBGOLOB.BDM150A.LOADLIB, moved to LOADLIB/BDMREST
2025-04-16 01:37:35.824975 - Found BDMSCAN.bin (application/octet-stream) in SBGOLOB.BDM150A.LOADLIB, moved to LOADLIB/BDMSCAN
2025-04-16 01:37:35.825013 - Found BDMSEND.x-dbt (application/x-dbt) in SBGOLOB.BDM150A.LOADLIB, moved to LOADLIB/BDMSEND
2025-04-16 01:37:35.825053 - Found BDMULOAD.bin (application/octet-stream) in SBGOLOB.BDM150A.LOADLIB, moved to LOADLIB/BDMULOAD
2025-04-16 01:37:35.825091 - Found BDMUSADD.bin (application/octet-stream) in SBGOLOB.BDM150A.LOADLIB, moved to LOADLIB/BDMUSADD
2025-04-16 01:37:35.825128 - Found BDMUSDEL.bin (application/octet-stream) in SBGOLOB.BDM150A.LOADLIB, moved to LOADLIB/BDMUSDEL
2025-04-16 01:37:35.825165 - Found BDMUSERS.bin (application/octet-stream) in SBGOLOB.BDM150A.LOADLIB, moved to LOADLIB/BDMUSERS
2025-04-16 01:37:35.825201 - Found BDMUSORT.bin (application/octet-stream) in SBGOLOB.BDM150A.LOADLIB, moved to LOADLIB/BDMUSORT
2025-04-16 01:37:35.825239 - Found BDMXPORT.bin (application/octet-stream) in SBGOLOB.BDM150A.LOADLIB, moved to LOADLIB/BDMXPORT
2025-04-16 01:37:35.825720 - Found PANELS.xmi (application/xmit) in SBGOLOB.CBT509.FILE937, moved to PDS/PANELS.xmi
2025-04-16 01:37:35.859129 - Received SBGOLOB.BDM150A.PANELS from PANELS.xmi 
2025-04-16 01:37:35.859676 - Found BDMPNL1.txt (text/plain) in SBGOLOB.BDM150A.PANELS, moved to PANELS/BDMPNL1
2025-04-16 01:37:35.859730 - Found BDMPNL2.txt (text/plain) in SBGOLOB.BDM150A.PANELS, moved to PANELS/BDMPNL2
2025-04-16 01:37:35.859773 - Found BDMPNL3.txt (text/plain) in SBGOLOB.BDM150A.PANELS, moved to PANELS/BDMPNL3
2025-04-16 01:37:35.859815 - Found BDMPNL4.txt (text/plain) in SBGOLOB.BDM150A.PANELS, moved to PANELS/BDMPNL4
2025-04-16 01:37:35.859857 - Found PROGRBAR.txt (text/plain) in SBGOLOB.BDM150A.PANELS, moved to PANELS/PROGRBAR
